  % Total    % Received % Xferd  Average Speed   Time    Time     Time  Current
                                 Dload  Upload   Total   Spent    Left  Speed
  0     0    0     0    0     0      0      0 --:--:-- --:--:-- --:--:--     0  0     0    0     0    0     0      0      0 --:--:-- --:--:-- --:--:--     0 23 10.5M   23 2478k    0     0  1890k      0  0:00:05  0:00:01  0:00:04 1889k100 10.5M  100 10.5M    0     0  6646k      0  0:00:01  0:00:01 --:--:-- 6646k
/Users/runner/work/GTASanAndreas3DS/GTASanAndreas3DS/build/ffmpeg-ios/src/ffmpeg-7.1.1.tar.xz: OK
install prefix            /Users/runner/work/GTASanAndreas3DS/GTASanAndreas3DS/toolchains/ffmpeg-ios
source path               .
C compiler                /Applications/Xcode_16.4.app/Contents/Developer/Toolchains/XcodeDefault.xctoolchain/usr/bin/clang -arch arm64 -isysroot /Applications/Xcode_16.4.app/Contents/Developer/Platforms/iPhoneOS.platform/Developer/SDKs/iPhoneOS18.5.sdk -miphoneos-version-min=17.0
C library                 
host C compiler           gcc
host C library            
ARCH                      aarch64 (generic)
big-endian                no
runtime cpu detection     yes
NEON enabled              yes
DOTPROD enabled           yes
I8MM enabled              yes
debug symbols             yes
strip symbols             yes
optimize for size         no
optimizations             yes
static                    yes
shared                    no
postprocessing support    no
network support           no
threading support         pthreads
safe bitstream reader     yes
texi2html enabled         no
perl enabled              yes
pod2man enabled           yes
makeinfo enabled          no
makeinfo supports HTML    no
xmllint enabled           yes

External libraries:

External libraries providing hardware acceleration:

Libraries:
avcodec                 avformat                swscale
avdevice                avutil
avfilter                swresample

Programs:

Enabled decoders:
mp1                     pcm_s16le               wmapro
mp2                     pcm_s24le               wmav1
mp3                     pcm_s32le               wmav2
pcm_f32le               pcm_u8                  xma1
pcm_f64le               wmalossless             xma2

Enabled encoders:

Enabled hwaccels:

Enabled parsers:
mpegaudio

Enabled demuxers:
mov                     mp3                     wav

Enabled muxers:

Enabled protocols:

Enabled filters:

Enabled bsfs:

Enabled indevs:

Enabled outdevs:

License: LGPL version 2.1 or later
GEN	libavutil/libavutil.version
GEN	libswscale/libswscale.version
GEN	libswresample/libswresample.version
GEN	libavcodec/libavcodec.version
GEN	libavformat/libavformat.version
GEN	libavfilter/libavfilter.version
GEN	libavdevice/libavdevice.version
CC	libavdevice/alldevices.o
CC	libavdevice/utils.o
CC	libavdevice/avdevice.o
CC	libavdevice/version.o
GEN	libavdevice/libavdevice.pc
CC	libavfilter/allfilters.o
CC	libavfilter/audio.o
CC	libavfilter/avfilter.o
CC	libavfilter/avfiltergraph.o
CC	libavfilter/buffersink.o
CC	libavfilter/buffersrc.o
CC	libavfilter/ccfifo.o
CC	libavfilter/colorspace.o
CC	libavfilter/drawutils.o
CC	libavfilter/formats.o
CC	libavfilter/framepool.o
CC	libavfilter/framequeue.o
CC	libavfilter/graphdump.o
CC	libavfilter/graphparser.o
CC	libavfilter/pthread.o
CC	libavfilter/version.o
CC	libavfilter/video.o
GEN	libavfilter/libavfilter.pc
CC	libavformat/allformats.o
CC	libavformat/avformat.o
CC	libavformat/avio.o
CC	libavformat/aviobuf.o
CC	libavformat/demux.o
CC	libavformat/demux_utils.o
CC	libavformat/dovi_isom.o
CC	libavformat/dump.o
CC	libavformat/dv.o
CC	libavformat/format.o
CC	libavformat/iamf.o
CC	libavformat/iamf_parse.o
CC	libavformat/iamf_reader.o
CC	libavformat/id3v1.o
CC	libavformat/id3v2.o
CC	libavformat/isom.o
CC	libavformat/isom_tags.o
CC	libavformat/metadata.o
CC	libavformat/mov.o
CC	libavformat/mov_chan.o
CC	libavformat/mov_esds.o
CC	libavformat/mp3dec.o
CC	libavformat/mux.o
CC	libavformat/mux_utils.o
CC	libavformat/options.o
CC	libavformat/os_support.o
CC	libavformat/pcm.o
CC	libavformat/protocols.o
CC	libavformat/qtpalette.o
CC	libavformat/replaygain.o
CC	libavformat/riff.o
CC	libavformat/riffdec.o
CC	libavformat/sdp.o
CC	libavformat/seek.o
CC	libavformat/url.o
CC	libavformat/utils.o
CC	libavformat/version.o
CC	libavformat/wavdec.o
GEN	libavformat/libavformat.pc
CC	libavcodec/aactab.o
CC	libavcodec/aarch64/fdctdsp_init_aarch64.o
AS	libavcodec/aarch64/fdctdsp_neon.o
CC	libavcodec/aarch64/idctdsp_init_aarch64.o
AS	libavcodec/aarch64/idctdsp_neon.o
CC	libavcodec/aarch64/mpegaudiodsp_init.o
AS	libavcodec/aarch64/mpegaudiodsp_neon.o
AS	libavcodec/aarch64/simple_idct_neon.o
CC	libavcodec/ac3_parser.o
CC	libavcodec/adts_parser.o
CC	libavcodec/allcodecs.o
CC	libavcodec/avcodec.o
CC	libavcodec/avdct.o
CC	libavcodec/avfft.o
CC	libavcodec/bitstream.o
CC	libavcodec/bitstream_filters.o
CC	libavcodec/bsf.o
CC	libavcodec/codec_desc.o
CC	libavcodec/codec_par.o
CC	libavcodec/d3d11va.o
CC	libavcodec/dct32_fixed.o
CC	libavcodec/dct32_float.o
CC	libavcodec/decode.o
CC	libavcodec/dirac.o
CC	libavcodec/dv_profile.o
CC	libavcodec/encode.o
CC	libavcodec/faandct.o
CC	libavcodec/faanidct.o
CC	libavcodec/fdctdsp.o
CC	libavcodec/get_buffer.o
CC	libavcodec/idctdsp.o
CC	libavcodec/imgconvert.o
CC	libavcodec/jfdctfst.o
CC	libavcodec/jfdctint.o
CC	libavcodec/jni.o
CC	libavcodec/jrevdct.o
CC	libavcodec/lcevcdec.o
CC	libavcodec/lossless_audiodsp.o
CC	libavcodec/mathtables.o
CC	libavcodec/mediacodec.o
CC	libavcodec/mpeg12framerate.o
CC	libavcodec/mpeg4audio.o
CC	libavcodec/mpeg4audio_sample_rates.o
CC	libavcodec/mpegaudio.o
CC	libavcodec/mpegaudio_parser.o
CC	libavcodec/mpegaudiodata.o
CC	libavcodec/mpegaudiodec_common.o
CC	libavcodec/mpegaudiodec_fixed.o
CC	libavcodec/mpegaudiodecheader.o
CC	libavcodec/mpegaudiodsp.o
CC	libavcodec/mpegaudiodsp_data.o
CC	libavcodec/mpegaudiodsp_fixed.o
libavcodec/mpegaudiodec_fixed.c:75:8: warning: 'sample_fmts' is deprecated [-Wdeprecated-declarations]
   75 |     .p.sample_fmts  = (const enum AVSampleFormat[]) { AV_SAMPLE_FMT_S16P,
      |        ^
libavcodec/codec.h:218:5: note: 'sample_fmts' has been explicitly marked deprecated here
  218 |     attribute_deprecated
      |     ^
./libavutil/attributes.h:100:49: note: expanded from macro 'attribute_deprecated'
  100 | #    define attribute_deprecated __attribute__((deprecated))
      |                                                 ^
libavcodec/mpegaudiodec_fixed.c:92:8: warning: 'sample_fmts' is deprecated [-Wdeprecated-declarations]
   92 |     .p.sample_fmts  = (const enum AVSampleFormat[]) { AV_SAMPLE_FMT_S16P,
      |        ^
libavcodec/codec.h:218:5: note: 'sample_fmts' has been explicitly marked deprecated here
  218 |     attribute_deprecated
      |     ^
./libavutil/attributes.h:100:49: note: expanded from macro 'attribute_deprecated'
  100 | #    define attribute_deprecated __attribute__((deprecated))
      |                                                 ^
libavcodec/mpegaudiodec_fixed.c:109:8: warning: 'sample_fmts' is deprecated [-Wdeprecated-declarations]
  109 |     .p.sample_fmts  = (const enum AVSampleFormat[]) { AV_SAMPLE_FMT_S16P,
      |        ^
libavcodec/codec.h:218:5: note: 'sample_fmts' has been explicitly marked deprecated here
  218 |     attribute_deprecated
      |     ^
./libavutil/attributes.h:100:49: note: expanded from macro 'attribute_deprecated'
  100 | #    define attribute_deprecated __attribute__((deprecated))
      |                                                 ^
CC	libavcodec/mpegaudiodsp_float.o
CC	libavcodec/mpegaudiotabs.o
CC	libavcodec/options.o
CC	libavcodec/packet.o
CC	libavcodec/parser.o
CC	libavcodec/parsers.o
CC	libavcodec/pcm.o
CC	libavcodec/profiles.o
CC	libavcodec/pthread.o
libavcodec/pcm.c:287:39: warning: 'sample_fmts' is deprecated [-Wdeprecated-declarations]
  287 |     avctx->sample_fmt = avctx->codec->sample_fmts[0];
      |                                       ^
libavcodec/codec.h:218:5: note: 'sample_fmts' has been explicitly marked deprecated here
  218 |     attribute_deprecated
      |     ^
./libavutil/attributes.h:100:49: note: expanded from macro 'attribute_deprecated'
  100 | #    define attribute_deprecated __attribute__((deprecated))
      |                                                 ^
libavcodec/pcm.c:602:1: warning: 'sample_fmts' is deprecated [-Wdeprecated-declarations]
  602 | PCM_CODEC  (PCM_F32LE,        AV_SAMPLE_FMT_FLT, pcm_f32le,        "PCM 32-bit floating point little-endian");
      | ^
libavcodec/pcm.c:595:5: note: expanded from macro 'PCM_CODEC'
  595 |     PCM_DECODER(id, sample_fmt_, name, long_name_)
      |     ^
libavcodec/pcm.c:591:5: note: expanded from macro 'PCM_DECODER'
  591 |     PCM_DECODER_3(CONFIG_ ## id ## _DECODER, id, sample_fmt, name, long_name)
      |     ^
libavcodec/pcm.c:589:5: note: expanded from macro 'PCM_DECODER_3'
  589 |     PCM_DECODER_2(cf, id, sample_fmt, name, long_name)
      |     ^
libavcodec/pcm.c:587:5: note: expanded from macro 'PCM_DECODER_2'
  587 |     PCM_DECODER_ ## cf(id, sample_fmt, name, long_name)
      |     ^
<scratch space>:117:1: note: expanded from here
  117 | PCM_DECODER_1
      | ^
libavcodec/pcm.c:582:8: note: expanded from macro 'PCM_DECODER_1'
  582 |     .p.sample_fmts  = (const enum AVSampleFormat[]){ sample_fmt_,           \
      |        ^
libavcodec/codec.h:218:5: note: 'sample_fmts' has been explicitly marked deprecated here
  218 |     attribute_deprecated
      |     ^
./libavutil/attributes.h:100:49: note: expanded from macro 'attribute_deprecated'
  100 | #    define attribute_deprecated __attribute__((deprecated))
      |                                                 ^
libavcodec/pcm.c:604:1: warning: 'sample_fmts' is deprecated [-Wdeprecated-declarations]
  604 | PCM_CODEC  (PCM_F64LE,        AV_SAMPLE_FMT_DBL, pcm_f64le,        "PCM 64-bit floating point little-endian");
      | ^
libavcodec/pcm.c:595:5: note: expanded from macro 'PCM_CODEC'
  595 |     PCM_DECODER(id, sample_fmt_, name, long_name_)
      |     ^
libavcodec/pcm.c:591:5: note: expanded from macro 'PCM_DECODER'
  591 |     PCM_DECODER_3(CONFIG_ ## id ## _DECODER, id, sample_fmt, name, long_name)
      |     ^
libavcodec/pcm.c:589:5: note: expanded from macro 'PCM_DECODER_3'
  589 |     PCM_DECODER_2(cf, id, sample_fmt, name, long_name)
      |     ^
libavcodec/pcm.c:587:5: note: expanded from macro 'PCM_DECODER_2'
  587 |     PCM_DECODER_ ## cf(id, sample_fmt, name, long_name)
      |     ^
<scratch space>:133:1: note: expanded from here
  133 | PCM_DECODER_1
      | ^
libavcodec/pcm.c:582:8: note: expanded from macro 'PCM_DECODER_1'
  582 |     .p.sample_fmts  = (const enum AVSampleFormat[]){ sample_fmt_,           \
      |        ^
libavcodec/codec.h:218:5: note: 'sample_fmts' has been explicitly marked deprecated here
  218 |     attribute_deprecated
      |     ^
./libavutil/attributes.h:100:49: note: expanded from macro 'attribute_deprecated'
  100 | #    define attribute_deprecated __attribute__((deprecated))
      |                                                 ^
libavcodec/pcm.c:611:1: warning: 'sample_fmts' is deprecated [-Wdeprecated-declarations]
  611 | PCM_CODEC  (PCM_S16LE,        AV_SAMPLE_FMT_S16, pcm_s16le,        "PCM signed 16-bit little-endian");
      | ^
libavcodec/pcm.c:595:5: note: expanded from macro 'PCM_CODEC'
  595 |     PCM_DECODER(id, sample_fmt_, name, long_name_)
      |     ^
libavcodec/pcm.c:591:5: note: expanded from macro 'PCM_DECODER'
  591 |     PCM_DECODER_3(CONFIG_ ## id ## _DECODER, id, sample_fmt, name, long_name)
      |     ^
libavcodec/pcm.c:589:5: note: expanded from macro 'PCM_DECODER_3'
  589 |     PCM_DECODER_2(cf, id, sample_fmt, name, long_name)
      |     ^
libavcodec/pcm.c:587:5: note: expanded from macro 'PCM_DECODER_2'
  587 |     PCM_DECODER_ ## cf(id, sample_fmt, name, long_name)
      |     ^
<scratch space>:176:1: note: expanded from here
  176 | PCM_DECODER_1
      | ^
libavcodec/pcm.c:582:8: note: expanded from macro 'PCM_DECODER_1'
  582 |     .p.sample_fmts  = (const enum AVSampleFormat[]){ sample_fmt_,           \
      |        ^
libavcodec/codec.h:218:5: note: 'sample_fmts' has been explicitly marked deprecated here
  218 |     attribute_deprecated
      |     ^
./libavutil/attributes.h:100:49: note: expanded from macro 'attribute_deprecated'
  100 | #    define attribute_deprecated __attribute__((deprecated))
      |                                                 ^
libavcodec/pcm.c:615:1: warning: 'sample_fmts' is deprecated [-Wdeprecated-declarations]
  615 | PCM_CODEC  (PCM_S24LE,        AV_SAMPLE_FMT_S32, pcm_s24le,        "PCM signed 24-bit little-endian");
      | ^
libavcodec/pcm.c:595:5: note: expanded from macro 'PCM_CODEC'
  595 |     PCM_DECODER(id, sample_fmt_, name, long_name_)
      |     ^
libavcodec/pcm.c:591:5: note: expanded from macro 'PCM_DECODER'
  591 |     PCM_DECODER_3(CONFIG_ ## id ## _DECODER, id, sample_fmt, name, long_name)
      |     ^
libavcodec/pcm.c:589:5: note: expanded from macro 'PCM_DECODER_3'
  589 |     PCM_DECODER_2(cf, id, sample_fmt, name, long_name)
      |     ^
libavcodec/pcm.c:587:5: note: expanded from macro 'PCM_DECODER_2'
  587 |     PCM_DECODER_ ## cf(id, sample_fmt, name, long_name)
      |     ^
<scratch space>:204:1: note: expanded from here
  204 | PCM_DECODER_1
      | ^
libavcodec/pcm.c:582:8: note: expanded from macro 'PCM_DECODER_1'
  582 |     .p.sample_fmts  = (const enum AVSampleFormat[]){ sample_fmt_,           \
      |        ^
libavcodec/codec.h:218:5: note: 'sample_fmts' has been explicitly marked deprecated here
  218 |     attribute_deprecated
      |     ^
./libavutil/attributes.h:100:49: note: expanded from macro 'attribute_deprecated'
  100 | #    define attribute_deprecated __attribute__((deprecated))
      |                                                 ^
libavcodec/pcm.c:618:1: warning: 'sample_fmts' is deprecated [-Wdeprecated-declarations]
  618 | PCM_CODEC  (PCM_S32LE,        AV_SAMPLE_FMT_S32, pcm_s32le,        "PCM signed 32-bit little-endian");
      | ^
libavcodec/pcm.c:595:5: note: expanded from macro 'PCM_CODEC'
  595 |     PCM_DECODER(id, sample_fmt_, name, long_name_)
      |     ^
libavcodec/pcm.c:591:5: note: expanded from macro 'PCM_DECODER'
  591 |     PCM_DECODER_3(CONFIG_ ## id ## _DECODER, id, sample_fmt, name, long_name)
      |     ^
libavcodec/pcm.c:589:5: note: expanded from macro 'PCM_DECODER_3'
  589 |     PCM_DECODER_2(cf, id, sample_fmt, name, long_name)
      |     ^
libavcodec/pcm.c:587:5: note: expanded from macro 'PCM_DECODER_2'
  587 |     PCM_DECODER_ ## cf(id, sample_fmt, name, long_name)
      |     ^
<scratch space>:226:1: note: expanded from here
  226 | PCM_DECODER_1
      | ^
libavcodec/pcm.c:582:8: note: expanded from macro 'PCM_DECODER_1'
  582 |     .p.sample_fmts  = (const enum AVSampleFormat[]){ sample_fmt_,           \
      |        ^
libavcodec/codec.h:218:5: note: 'sample_fmts' has been explicitly marked deprecated here
  218 |     attribute_deprecated
      |     ^
./libavutil/attributes.h:100:49: note: expanded from macro 'attribute_deprecated'
  100 | #    define attribute_deprecated __attribute__((deprecated))
      |                                                 ^
libavcodec/pcm.c:620:1: warning: 'sample_fmts' is deprecated [-Wdeprecated-declarations]
  620 | PCM_CODEC  (PCM_U8,           AV_SAMPLE_FMT_U8,  pcm_u8,           "PCM unsigned 8-bit");
      | ^
libavcodec/pcm.c:595:5: note: expanded from macro 'PCM_CODEC'
  595 |     PCM_DECODER(id, sample_fmt_, name, long_name_)
      |     ^
libavcodec/pcm.c:591:5: note: expanded from macro 'PCM_DECODER'
  591 |     PCM_DECODER_3(CONFIG_ ## id ## _DECODER, id, sample_fmt, name, long_name)
      |     ^
libavcodec/pcm.c:589:5: note: expanded from macro 'PCM_DECODER_3'
  589 |     PCM_DECODER_2(cf, id, sample_fmt, name, long_name)
      |     ^
libavcodec/pcm.c:587:5: note: expanded from macro 'PCM_DECODER_2'
  587 |     PCM_DECODER_ ## cf(id, sample_fmt, name, long_name)
      |     ^
<scratch space>:242:1: note: expanded from here
  242 | PCM_DECODER_1
      | ^
libavcodec/pcm.c:582:8: note: expanded from macro 'PCM_DECODER_1'
  582 |     .p.sample_fmts  = (const enum AVSampleFormat[]){ sample_fmt_,           \
      |        ^
libavcodec/codec.h:218:5: note: 'sample_fmts' has been explicitly marked deprecated here
  218 |     attribute_deprecated
      |     ^
./libavutil/attributes.h:100:49: note: expanded from macro 'attribute_deprecated'
  100 | #    define attribute_deprecated __attribute__((deprecated))
      |                                                 ^
libavcodec/pcm.c:41:20: warning: unused function 'pcm_encode_init' [-Wunused-function]
   41 | static av_cold int pcm_encode_init(AVCodecContext *avctx)
      |                    ^~~~~~~~~~~~~~~
libavcodec/pcm.c:96:12: warning: unused function 'pcm_encode_frame' [-Wunused-function]
   96 | static int pcm_encode_frame(AVCodecContext *avctx, AVPacket *avpkt,
      |            ^~~~~~~~~~~~~~~~
CC	libavcodec/pthread_frame.o
9 warnings generated.
CC	libavcodec/pthread_slice.o
3 warnings generated.
CC	libavcodec/qsv_api.o
CC	libavcodec/raw.o
CC	libavcodec/refstruct.o
CC	libavcodec/simple_idct.o
CC	libavcodec/sinewin.o
CC	libavcodec/threadprogress.o
CC	libavcodec/utils.o
CC	libavcodec/version.o
CC	libavcodec/vlc.o
CC	libavcodec/vorbis_parser.o
CC	libavcodec/wma.o
CC	libavcodec/wma_common.o
CC	libavcodec/wma_freqs.o
CC	libavcodec/wmadec.o
CC	libavcodec/wmalosslessdec.o
CC	libavcodec/wmaprodec.o
libavcodec/wmadec.c:1018:8: warning: 'sample_fmts' is deprecated [-Wdeprecated-declarations]
 1018 |     .p.sample_fmts  = (const enum AVSampleFormat[]) { AV_SAMPLE_FMT_FLTP,
      |        ^
libavcodec/codec.h:218:5: note: 'sample_fmts' has been explicitly marked deprecated here
  218 |     attribute_deprecated
      |     ^
./libavutil/attributes.h:100:49: note: expanded from macro 'attribute_deprecated'
  100 | #    define attribute_deprecated __attribute__((deprecated))
      |                                                 ^
libavcodec/wmadec.c:1035:8: warning: 'sample_fmts' is deprecated [-Wdeprecated-declarations]
 1035 |     .p.sample_fmts  = (const enum AVSampleFormat[]) { AV_SAMPLE_FMT_FLTP,
      |        ^
libavcodec/codec.h:218:5: note: 'sample_fmts' has been explicitly marked deprecated here
  218 |     attribute_deprecated
      |     ^
./libavutil/attributes.h:100:49: note: expanded from macro 'attribute_deprecated'
  100 | #    define attribute_deprecated __attribute__((deprecated))
      |                                                 ^
libavcodec/wmalosslessdec.c:1344:8: warning: 'sample_fmts' is deprecated [-Wdeprecated-declarations]
 1344 |     .p.sample_fmts  = (const enum AVSampleFormat[]) { AV_SAMPLE_FMT_S16P,
      |        ^
libavcodec/codec.h:218:5: note: 'sample_fmts' has been explicitly marked deprecated here
  218 |     attribute_deprecated
      |     ^
./libavutil/attributes.h:100:49: note: expanded from macro 'attribute_deprecated'
  100 | #    define attribute_deprecated __attribute__((deprecated))
      |                                                 ^
libavcodec/wmaprodec.c:2109:8: warning: 'sample_fmts' is deprecated [-Wdeprecated-declarations]
 2109 |     .p.sample_fmts  = (const enum AVSampleFormat[]) { AV_SAMPLE_FMT_FLTP,
      |        ^
libavcodec/codec.h:218:5: note: 'sample_fmts' has been explicitly marked deprecated here
  218 |     attribute_deprecated
      |     ^
./libavutil/attributes.h:100:49: note: expanded from macro 'attribute_deprecated'
  100 | #    define attribute_deprecated __attribute__((deprecated))
      |                                                 ^
libavcodec/wmaprodec.c:2129:8: warning: 'sample_fmts' is deprecated [-Wdeprecated-declarations]
 2129 |     .p.sample_fmts  = (const enum AVSampleFormat[]) { AV_SAMPLE_FMT_FLTP,
      |        ^
libavcodec/codec.h:218:5: note: 'sample_fmts' has been explicitly marked deprecated here
  218 |     attribute_deprecated
      |     ^
./libavutil/attributes.h:100:49: note: expanded from macro 'attribute_deprecated'
  100 | #    define attribute_deprecated __attribute__((deprecated))
      |                                                 ^
libavcodec/wmaprodec.c:2149:8: warning: 'sample_fmts' is deprecated [-Wdeprecated-declarations]
 2149 |     .p.sample_fmts  = (const enum AVSampleFormat[]) { AV_SAMPLE_FMT_FLTP,
      |        ^
libavcodec/codec.h:218:5: note: 'sample_fmts' has been explicitly marked deprecated here
  218 |     attribute_deprecated
      |     ^
./libavutil/attributes.h:100:49: note: expanded from macro 'attribute_deprecated'
  100 | #    define attribute_deprecated __attribute__((deprecated))
      |                                                 ^
2 warnings generated.
CC	libavcodec/xiph.o
CC	libavcodec/ac3_channel_layout_tab.o
CC	libavcodec/to_upper4.o
GEN	libavcodec/libavcodec.pc
CC	libswresample/aarch64/audio_convert_init.o
1 warning generated.
AS	libswresample/aarch64/audio_convert_neon.o
3 warnings generated.
AS	libswresample/aarch64/resample.o
CC	libswresample/aarch64/resample_init.o
CC	libswresample/audioconvert.o
CC	libswresample/dither.o
CC	libswresample/options.o
CC	libswresample/rematrix.o
CC	libswresample/resample.o
CC	libswresample/resample_dsp.o
CC	libswresample/swresample.o
CC	libswresample/swresample_frame.o
CC	libswresample/version.o
GEN	libswresample/libswresample.pc
AS	libswscale/aarch64/hscale.o
AS	libswscale/aarch64/input.o
AS	libswscale/aarch64/output.o
AS	libswscale/aarch64/range_convert_neon.o
CC	libswscale/aarch64/rgb2rgb.o
AS	libswscale/aarch64/rgb2rgb_neon.o
CC	libswscale/aarch64/swscale.o
CC	libswscale/aarch64/swscale_unscaled.o
AS	libswscale/aarch64/swscale_unscaled_neon.o
AS	libswscale/aarch64/yuv2rgb_neon.o
CC	libswscale/alphablend.o
CC	libswscale/gamma.o
CC	libswscale/half2float.o
CC	libswscale/hscale.o
CC	libswscale/hscale_fast_bilinear.o
CC	libswscale/input.o
CC	libswscale/options.o
CC	libswscale/output.o
CC	libswscale/rgb2rgb.o
CC	libswscale/slice.o
CC	libswscale/swscale.o
CC	libswscale/swscale_unscaled.o
CC	libswscale/utils.o
CC	libswscale/version.o
CC	libswscale/vscale.o
CC	libswscale/yuv2rgb.o
GEN	libswscale/libswscale.pc
CC	libavutil/aarch64/cpu.o
CC	libavutil/aarch64/float_dsp_init.o
AS	libavutil/aarch64/float_dsp_neon.o
CC	libavutil/aarch64/tx_float_init.o
AS	libavutil/aarch64/tx_float_neon.o
CC	libavutil/adler32.o
CC	libavutil/aes.o
CC	libavutil/aes_ctr.o
CC	libavutil/ambient_viewing_environment.o
CC	libavutil/audio_fifo.o
CC	libavutil/avsscanf.o
CC	libavutil/avstring.o
CC	libavutil/base64.o
CC	libavutil/blowfish.o
CC	libavutil/bprint.o
CC	libavutil/buffer.o
CC	libavutil/camellia.o
CC	libavutil/cast5.o
CC	libavutil/channel_layout.o
CC	libavutil/cpu.o
CC	libavutil/crc.o
CC	libavutil/csp.o
CC	libavutil/des.o
CC	libavutil/detection_bbox.o
CC	libavutil/dict.o
CC	libavutil/display.o
CC	libavutil/dovi_meta.o
CC	libavutil/downmix_info.o
CC	libavutil/encryption_info.o
CC	libavutil/error.o
CC	libavutil/eval.o
CC	libavutil/executor.o
CC	libavutil/fifo.o
CC	libavutil/file.o
CC	libavutil/file_open.o
CC	libavutil/film_grain_params.o
CC	libavutil/fixed_dsp.o
CC	libavutil/frame.o
CC	libavutil/float_dsp.o
CC	libavutil/hash.o
CC	libavutil/hdr_dynamic_metadata.o
CC	libavutil/hdr_dynamic_vivid_metadata.o
CC	libavutil/hmac.o
CC	libavutil/hwcontext_stub.o
CC	libavutil/hwcontext.o
CC	libavutil/iamf.o
CC	libavutil/imgutils.o
CC	libavutil/integer.o
CC	libavutil/intmath.o
CC	libavutil/lfg.o
CC	libavutil/lls.o
CC	libavutil/log.o
CC	libavutil/log2_tab.o
CC	libavutil/lzo.o
CC	libavutil/mastering_display_metadata.o
CC	libavutil/mathematics.o
CC	libavutil/md5.o
CC	libavutil/mem.o
CC	libavutil/murmur3.o
CC	libavutil/opt.o
CC	libavutil/parseutils.o
CC	libavutil/pixdesc.o
CC	libavutil/pixelutils.o
CC	libavutil/random_seed.o
CC	libavutil/rational.o
CC	libavutil/rc4.o
CC	libavutil/reverse.o
CC	libavutil/ripemd.o
CC	libavutil/samplefmt.o
CC	libavutil/sha512.o
CC	libavutil/sha.o
CC	libavutil/slicethread.o
CC	libavutil/spherical.o
CC	libavutil/stereo3d.o
CC	libavutil/tea.o
CC	libavutil/threadmessage.o
CC	libavutil/timecode.o
CC	libavutil/time.o
CC	libavutil/timestamp.o
CC	libavutil/tree.o
CC	libavutil/twofish.o
CC	libavutil/tx.o
CC	libavutil/tx_double.o
CC	libavutil/tx_float.o
CC	libavutil/tx_int32.o
CC	libavutil/utils.o
CC	libavutil/uuid.o
CC	libavutil/version.o
CC	libavutil/video_enc_params.o
CC	libavutil/video_hint.o
CC	libavutil/xga_font_data.o
CC	libavutil/xtea.o
GEN	libavutil/libavutil.pc
AR	libavdevice/libavdevice.a
AR	libavfilter/libavfilter.a
AR	libavformat/libavformat.a
AR	libavcodec/libavcodec.a
AR	libswresample/libswresample.a
AR	libswscale/libswscale.a
AR	libavutil/libavutil.a
INSTALL	libavdevice/libavdevice.a
INSTALL	libavfilter/libavfilter.a
INSTALL	libavformat/libavformat.a
INSTALL	libavcodec/libavcodec.a
INSTALL	libswresample/libswresample.a
INSTALL	libswscale/libswscale.a
INSTALL	libavutil/libavutil.a
INSTALL	libavdevice/avdevice.h
INSTALL	libavdevice/version.h
INSTALL	libavdevice/version_major.h
INSTALL	libavdevice/libavdevice.pc
INSTALL	libavfilter/avfilter.h
INSTALL	libavfilter/buffersink.h
INSTALL	libavfilter/buffersrc.h
INSTALL	libavfilter/version.h
INSTALL	libavfilter/version_major.h
INSTALL	libavfilter/libavfilter.pc
INSTALL	libavformat/avformat.h
INSTALL	libavformat/avio.h
INSTALL	libavformat/version.h
INSTALL	libavformat/version_major.h
INSTALL	libavformat/libavformat.pc
INSTALL	libavcodec/ac3_parser.h
INSTALL	libavcodec/adts_parser.h
INSTALL	libavcodec/avcodec.h
INSTALL	libavcodec/avdct.h
INSTALL	libavcodec/avfft.h
INSTALL	libavcodec/bsf.h
INSTALL	libavcodec/codec.h
INSTALL	libavcodec/codec_desc.h
INSTALL	libavcodec/codec_id.h
INSTALL	libavcodec/codec_par.h
INSTALL	libavcodec/d3d11va.h
INSTALL	libavcodec/defs.h
INSTALL	libavcodec/dirac.h
INSTALL	libavcodec/dv_profile.h
INSTALL	libavcodec/dxva2.h
INSTALL	libavcodec/jni.h
INSTALL	libavcodec/mediacodec.h
INSTALL	libavcodec/packet.h
INSTALL	libavcodec/qsv.h
INSTALL	libavcodec/vdpau.h
INSTALL	libavcodec/version.h
INSTALL	libavcodec/version_major.h
INSTALL	libavcodec/videotoolbox.h
INSTALL	libavcodec/vorbis_parser.h
INSTALL	libavcodec/libavcodec.pc
INSTALL	libswresample/swresample.h
INSTALL	libswresample/version.h
INSTALL	libswresample/version_major.h
INSTALL	libswresample/libswresample.pc
INSTALL	libswscale/swscale.h
INSTALL	libswscale/version.h
INSTALL	libswscale/version_major.h
INSTALL	libswscale/libswscale.pc
INSTALL	libavutil/adler32.h
INSTALL	libavutil/aes.h
INSTALL	libavutil/aes_ctr.h
INSTALL	libavutil/ambient_viewing_environment.h
INSTALL	libavutil/attributes.h
INSTALL	libavutil/audio_fifo.h
INSTALL	libavutil/avassert.h
INSTALL	libavutil/avstring.h
INSTALL	libavutil/avutil.h
INSTALL	libavutil/base64.h
INSTALL	libavutil/blowfish.h
INSTALL	libavutil/bprint.h
INSTALL	libavutil/bswap.h
INSTALL	libavutil/buffer.h
INSTALL	libavutil/cast5.h
INSTALL	libavutil/camellia.h
INSTALL	libavutil/channel_layout.h
INSTALL	libavutil/common.h
INSTALL	libavutil/cpu.h
INSTALL	libavutil/crc.h
INSTALL	libavutil/csp.h
INSTALL	libavutil/des.h
INSTALL	libavutil/detection_bbox.h
INSTALL	libavutil/dict.h
INSTALL	libavutil/display.h
INSTALL	libavutil/dovi_meta.h
INSTALL	libavutil/downmix_info.h
INSTALL	libavutil/encryption_info.h
INSTALL	libavutil/error.h
INSTALL	libavutil/eval.h
INSTALL	libavutil/executor.h
INSTALL	libavutil/fifo.h
INSTALL	libavutil/file.h
INSTALL	libavutil/frame.h
INSTALL	libavutil/hash.h
INSTALL	libavutil/hdr_dynamic_metadata.h
INSTALL	libavutil/hdr_dynamic_vivid_metadata.h
INSTALL	libavutil/hmac.h
INSTALL	libavutil/hwcontext.h
INSTALL	libavutil/hwcontext_cuda.h
INSTALL	libavutil/hwcontext_d3d11va.h
INSTALL	libavutil/hwcontext_d3d12va.h
INSTALL	libavutil/hwcontext_drm.h
INSTALL	libavutil/hwcontext_dxva2.h
INSTALL	libavutil/hwcontext_qsv.h
INSTALL	libavutil/hwcontext_mediacodec.h
INSTALL	libavutil/hwcontext_opencl.h
INSTALL	libavutil/hwcontext_vaapi.h
INSTALL	libavutil/hwcontext_videotoolbox.h
INSTALL	libavutil/hwcontext_vdpau.h
INSTALL	libavutil/hwcontext_vulkan.h
INSTALL	libavutil/iamf.h
INSTALL	libavutil/imgutils.h
INSTALL	libavutil/intfloat.h
INSTALL	libavutil/intreadwrite.h
INSTALL	libavutil/lfg.h
INSTALL	libavutil/log.h
INSTALL	libavutil/lzo.h
INSTALL	libavutil/macros.h
INSTALL	libavutil/mathematics.h
INSTALL	libavutil/mastering_display_metadata.h
INSTALL	libavutil/md5.h
INSTALL	libavutil/mem.h
INSTALL	libavutil/motion_vector.h
INSTALL	libavutil/murmur3.h
INSTALL	libavutil/opt.h
INSTALL	libavutil/parseutils.h
INSTALL	libavutil/pixdesc.h
INSTALL	libavutil/pixelutils.h
INSTALL	libavutil/pixfmt.h
INSTALL	libavutil/random_seed.h
INSTALL	libavutil/rc4.h
INSTALL	libavutil/rational.h
INSTALL	libavutil/replaygain.h
INSTALL	libavutil/ripemd.h
INSTALL	libavutil/samplefmt.h
INSTALL	libavutil/sha.h
INSTALL	libavutil/sha512.h
INSTALL	libavutil/spherical.h
INSTALL	libavutil/stereo3d.h
INSTALL	libavutil/threadmessage.h
INSTALL	libavutil/time.h
INSTALL	libavutil/timecode.h
INSTALL	libavutil/timestamp.h
INSTALL	libavutil/tree.h
INSTALL	libavutil/twofish.h
INSTALL	libavutil/uuid.h
INSTALL	libavutil/version.h
INSTALL	libavutil/video_enc_params.h
INSTALL	libavutil/xtea.h
INSTALL	libavutil/tea.h
INSTALL	libavutil/tx.h
INSTALL	libavutil/film_grain_params.h
INSTALL	libavutil/video_hint.h
INSTALL	libavutil/avconfig.h
INSTALL	libavutil/ffversion.h
INSTALL	libavutil/libavutil.pc
FFmpeg iOS libraries and headers: /Users/runner/work/GTASanAndreas3DS/GTASanAndreas3DS/toolchains/ffmpeg-ios
